babyhealth:[2016-04-26 13:36:25]  INFO orderinfo:472 - v41/nbCode/getauth||1320823:17
babyhealth:[2016-04-26 13:36:32]  INFO orderinfo:472 - v41/nbCode/getauth||1320823:18
babyhealth:[2016-04-26 13:36:42]  INFO orderinfo:472 - v41/nbCode/getauth||1320823:17
babyhealth:[2016-04-26 13:37:17]  INFO orderinfo:472 - v41/nbCode/getauth||1903674:17
babyhealth:[2016-04-26 13:38:15]  INFO orderinfo:472 - v41/nbCode/getauth||1417642:17
babyhealth:[2016-04-26 13:39:05]  INFO orderinfo:472 - v41/nbCode/getauth||194723:17
babyhealth:[2016-04-26 13:39:49]  INFO orderinfo:472 - v41/nbCode/getauth||90107:17
babyhealth:[2016-04-26 13:40:07]  INFO orderinfo:472 - v41/nbCode/getauth||275723:17
babyhealth:[2016-04-26 13:40:08]  INFO orderinfo:472 - v41/nbCode/getauth||1793593:18
babyhealth:[2016-04-26 13:40:09]  INFO orderinfo:472 - v41/nbCode/getauth||1793593:18
babyhealth:[2016-04-26 13:40:11]  INFO orderinfo:472 - v41/nbCode/getauth||1793593:18
babyhealth:[2016-04-26 13:40:12]  INFO orderinfo:472 - v41/nbCode/getauth||1623301:18
babyhealth:[2016-04-26 13:40:13]  INFO orderinfo:472 - v41/nbCode/getauth||1793593:18
babyhealth:[2016-04-26 13:40:24]  INFO orderinfo:472 - v41/nbCode/getauth||47492:17
babyhealth:[2016-04-26 13:40:26]  INFO orderinfo:472 - v41/nbCode/getauth||47492:18
babyhealth:[2016-04-26 13:40:54]  INFO orderinfo:472 - v41/nbCode/getauth||1703074:17
babyhealth:[2016-04-26 13:41:05]  INFO orderinfo:472 - v41/nbCode/getauth||1703074:18
babyhealth:[2016-04-26 13:41:13]  INFO orderinfo:472 - v41/nbCode/getauth||1274109:18
babyhealth:[2016-04-26 13:41:17]  INFO orderinfo:472 - v41/nbCode/getauth||1274109:18
babyhealth:[2016-04-26 13:41:18]  INFO orderinfo:472 - v41/nbCode/getauth||1274109:18
babyhealth:[2016-04-26 13:41:19]  INFO orderinfo:472 - v41/nbCode/getauth||1274109:18
babyhealth:[2016-04-26 13:41:24]  INFO orderinfo:472 - v41/nbCode/getauth||1274109:18
babyhealth:[2016-04-26 13:41:31]  INFO orderinfo:472 - v41/nbCode/getauth||1274109:18
babyhealth:[2016-04-26 13:41:33]  INFO orderinfo:472 - v41/nbCode/getauth||1274109:18
babyhealth:[2016-04-26 13:41:34]  INFO orderinfo:472 - v41/nbCode/getauth||1274109:18
babyhealth:[2016-04-26 13:42:19]  INFO orderinfo:472 - v41/nbCode/getauth||1274109:18
babyhealth:[2016-04-26 13:42:20]  INFO orderinfo:472 - v41/nbCode/getauth||1274109:18
babyhealth:[2016-04-26 13:42:22]  INFO orderinfo:472 - v41/nbCode/getauth||1274109:18
babyhealth:[2016-04-26 13:42:23]  INFO orderinfo:472 - v41/nbCode/getauth||1274109:18
babyhealth:[2016-04-26 13:42:24]  INFO orderinfo:472 - v41/nbCode/getauth||1274109:18
babyhealth:[2016-04-26 13:42:27]  INFO orderinfo:472 - v41/nbCode/getauth||47492:18
babyhealth:[2016-04-26 13:42:29]  INFO orderinfo:472 - v41/nbCode/getauth||47492:17
babyhealth:[2016-04-26 13:42:42]  INFO orderinfo:472 - v41/nbCode/getauth||1731843:17
babyhealth:[2016-04-26 13:42:49]  INFO orderinfo:472 - v41/nbCode/getauth||1731843:18
babyhealth:[2016-04-26 13:43:26]  INFO orderinfo:472 - v41/nbCode/getauth||1878915:17
babyhealth:[2016-04-26 13:43:40]  INFO orderinfo:472 - v41/nbCode/getauth||1878915:17
babyhealth:[2016-04-26 13:44:06]  INFO orderinfo:472 - v41/nbCode/getauth||1721511:17
babyhealth:[2016-04-26 13:44:07]  INFO orderinfo:472 - v41/nbCode/getauth||1892408:17
babyhealth:[2016-04-26 13:44:17]  INFO orderinfo:472 - v41/nbCode/getauth||1892408:18
babyhealth:[2016-04-26 13:44:20]  INFO orderinfo:472 - v41/nbCode/getauth||47492:18
babyhealth:[2016-04-26 13:44:22]  INFO orderinfo:472 - v41/nbCode/getauth||47492:17
babyhealth:[2016-04-26 13:44:31]  INFO orderinfo:472 - v41/nbCode/getauth||1274109:18
babyhealth:[2016-04-26 13:44:35]  INFO orderinfo:472 - v41/nbCode/getauth||1274109:18
babyhealth:[2016-04-26 13:44:53]  INFO orderinfo:472 - v41/nbCode/getauth||1097052:17
babyhealth:[2016-04-26 13:44:57]  INFO orderinfo:472 - v41/nbCode/getauth||1097052:18
babyhealth:[2016-04-26 13:45:17]  INFO orderinfo:472 - v41/nbCode/getauth||1417642:17
babyhealth:[2016-04-26 13:45:20]  INFO orderinfo:472 - v41/nbCode/getauth||707306:17
babyhealth:[2016-04-26 13:45:22]  INFO orderinfo:472 - v41/nbCode/getauth||1828097:17
babyhealth:[2016-04-26 13:45:23]  INFO orderinfo:472 - v41/nbCode/getauth||707306:18
babyhealth:[2016-04-26 13:45:26]  INFO orderinfo:472 - v41/nbCode/getauth||1828097:18
babyhealth:[2016-04-26 13:46:13]  INFO orderinfo:472 - v41/nbCode/getauth||1417642:17
babyhealth:[2016-04-26 13:46:23]  INFO orderinfo:472 - v41/nbCode/getauth||1828097:18
babyhealth:[2016-04-26 13:46:54]  INFO orderinfo:472 - v41/nbCode/getauth||1155386:17
babyhealth:[2016-04-26 13:47:00]  INFO orderinfo:472 - v41/nbCode/getauth||1155386:18
babyhealth:[2016-04-26 13:47:02]  INFO orderinfo:472 - v41/nbCode/getauth||1828097:17
babyhealth:[2016-04-26 13:47:06]  INFO orderinfo:472 - v41/nbCode/getauth||1828097:18
babyhealth:[2016-04-26 13:47:20]  INFO orderinfo:472 - v41/nbCode/getauth||707306:18
babyhealth:[2016-04-26 13:47:20]  INFO orderinfo:472 - v41/nbCode/getauth||1274109:18
babyhealth:[2016-04-26 13:47:22]  INFO orderinfo:472 - v41/nbCode/getauth||1274109:18
babyhealth:[2016-04-26 13:47:27]  INFO orderinfo:472 - v41/nbCode/getauth||1274109:18
babyhealth:[2016-04-26 13:48:03]  INFO orderinfo:472 - v41/nbCode/getauth||90107:17
babyhealth:[2016-04-26 13:48:30]  INFO orderinfo:472 - v41/nbCode/getauth||1471642:17
babyhealth:[2016-04-26 13:48:45]  INFO orderinfo:472 - v41/nbCode/getauth||1828097:18
babyhealth:[2016-04-26 13:49:01]  INFO orderinfo:472 - v41/nbCode/getauth||1828097:18
babyhealth:[2016-04-26 13:49:18]  INFO orderinfo:472 - v41/nbCode/getauth||1471642:18
babyhealth:[2016-04-26 13:49:23]  INFO orderinfo:472 - v41/nbCode/getauth||1471642:17
babyhealth:[2016-04-26 13:49:27]  INFO orderinfo:472 - v41/nbCode/getauth||1471642:17
babyhealth:[2016-04-26 13:49:31]  INFO orderinfo:472 - v41/nbCode/getauth||1471642:18
babyhealth:[2016-04-26 13:49:32]  INFO orderinfo:472 - v41/nbCode/getauth||1104692:17
babyhealth:[2016-04-26 13:49:37]  INFO orderinfo:472 - v41/nbCode/getauth||1104692:17
babyhealth:[2016-04-26 13:49:39]  INFO orderinfo:472 - v41/nbCode/getauth||1104692:17
babyhealth:[2016-04-26 13:49:41]  INFO orderinfo:472 - v41/nbCode/getauth||1104692:17
babyhealth:[2016-04-26 13:49:43]  INFO orderinfo:472 - v41/nbCode/getauth||1104692:17
babyhealth:[2016-04-26 13:49:45]  INFO orderinfo:472 - v41/nbCode/getauth||1104692:17
babyhealth:[2016-04-26 13:49:50]  INFO orderinfo:472 - v41/nbCode/getauth||47492:17
babyhealth:[2016-04-26 13:49:52]  INFO orderinfo:472 - v41/nbCode/getauth||47492:18
babyhealth:[2016-04-26 13:49:54]  INFO orderinfo:472 - v41/nbCode/getauth||1104692:17
babyhealth:[2016-04-26 13:49:56]  INFO orderinfo:472 - v41/nbCode/getauth||1104692:17
babyhealth:[2016-04-26 13:49:58]  INFO orderinfo:472 - v41/nbCode/getauth||1104692:17
babyhealth:[2016-04-26 13:50:00]  INFO orderinfo:472 - v41/nbCode/getauth||1104692:17
babyhealth:[2016-04-26 13:50:02]  INFO orderinfo:472 - v41/nbCode/getauth||1828097:18
babyhealth:[2016-04-26 13:50:10]  INFO orderinfo:472 - v41/nbCode/getauth||1104692:17
babyhealth:[2016-04-26 13:50:11]  INFO orderinfo:472 - v41/nbCode/getauth||1104692:17
babyhealth:[2016-04-26 13:50:13]  INFO orderinfo:472 - v41/nbCode/getauth||1104692:17
babyhealth:[2016-04-26 13:50:15]  INFO orderinfo:472 - v41/nbCode/getauth||1104692:17
babyhealth:[2016-04-26 13:50:15]  INFO orderinfo:472 - v41/nbCode/getauth||1723474:18
babyhealth:[2016-04-26 13:50:25]  INFO orderinfo:472 - v41/nbCode/getauth||1744883:17
babyhealth:[2016-04-26 13:50:40]  INFO orderinfo:472 - v41/nbCode/getauth||1840217:17
babyhealth:[2016-04-26 13:50:41]  INFO orderinfo:472 - v41/nbCode/getauth||1104692:17
babyhealth:[2016-04-26 13:50:42]  INFO orderinfo:472 - v41/nbCode/getauth||1104692:17
babyhealth:[2016-04-26 13:50:52]  INFO orderinfo:472 - v41/nbCode/getauth||1813055:17
babyhealth:[2016-04-26 13:50:54]  INFO orderinfo:472 - v41/nbCode/getauth||1705482:17
babyhealth:[2016-04-26 13:51:04]  INFO orderinfo:472 - v41/nbCode/getauth||1104692:17
babyhealth:[2016-04-26 13:51:05]  INFO orderinfo:472 - v41/nbCode/getauth||1155386:17
babyhealth:[2016-04-26 13:51:08]  INFO orderinfo:472 - v41/nbCode/getauth||1155386:18
babyhealth:[2016-04-26 13:51:13]  INFO orderinfo:472 - v41/nbCode/getauth||1705482:18
babyhealth:[2016-04-26 13:51:19]  INFO orderinfo:472 - v41/nbCode/getauth||1890470:17
babyhealth:[2016-04-26 13:51:36]  INFO orderinfo:472 - v41/nbCode/getauth||1155386:18
babyhealth:[2016-04-26 13:51:36]  INFO orderinfo:472 - v41/nbCode/getauth||90107:17
babyhealth:[2016-04-26 13:51:42]  INFO orderinfo:472 - v41/nbCode/getauth||1890470:18
babyhealth:[2016-04-26 13:51:52]  INFO orderinfo:472 - v41/nbCode/getauth||1813928:17
babyhealth:[2016-04-26 13:52:05]  INFO orderinfo:472 - v41/nbCode/getauth||1063809:17
babyhealth:[2016-04-26 13:52:10]  INFO orderinfo:472 - v41/nbCode/getauth||1063809:18
babyhealth:[2016-04-26 13:52:10]  INFO orderinfo:472 - v41/nbCode/getauth||47492:18
babyhealth:[2016-04-26 13:52:12]  INFO orderinfo:472 - v41/nbCode/getauth||47492:17
babyhealth:[2016-04-26 13:52:13]  INFO orderinfo:472 - v41/nbCode/getauth||1063809:18
babyhealth:[2016-04-26 13:52:14]  INFO orderinfo:472 - v41/nbCode/getauth||47492:18
babyhealth:[2016-04-26 13:52:16]  INFO orderinfo:472 - v41/nbCode/getauth||1063809:17
babyhealth:[2016-04-26 13:52:16]  INFO orderinfo:472 - v41/nbCode/getauth||1104692:17
babyhealth:[2016-04-26 13:52:18]  INFO orderinfo:472 - v41/nbCode/getauth||1104692:17
babyhealth:[2016-04-26 13:52:20]  INFO orderinfo:472 - v41/nbCode/getauth||1104692:17
babyhealth:[2016-04-26 13:52:21]  INFO orderinfo:472 - v41/nbCode/getauth||1104692:17
babyhealth:[2016-04-26 13:52:22]  INFO orderinfo:472 - v41/nbCode/getauth||47492:18
babyhealth:[2016-04-26 13:52:23]  INFO orderinfo:472 - v41/nbCode/getauth||1104692:17
babyhealth:[2016-04-26 13:52:24]  INFO orderinfo:472 - v41/nbCode/getauth||47492:17
babyhealth:[2016-04-26 13:52:25]  INFO orderinfo:472 - v41/nbCode/getauth||1104692:17
babyhealth:[2016-04-26 13:52:25]  INFO orderinfo:472 - v41/nbCode/getauth||47492:18
babyhealth:[2016-04-26 13:52:25]  INFO orderinfo:472 - v41/nbCode/getauth||1063809:17
babyhealth:[2016-04-26 13:52:26]  INFO orderinfo:472 - v41/nbCode/getauth||1271376:18
babyhealth:[2016-04-26 13:52:27]  INFO orderinfo:472 - v41/nbCode/getauth||47492:18
babyhealth:[2016-04-26 13:52:31]  INFO orderinfo:472 - v41/nbCode/getauth||47492:18
babyhealth:[2016-04-26 13:52:35]  INFO orderinfo:472 - v41/nbCode/getauth||1866000:17
babyhealth:[2016-04-26 13:52:35]  INFO orderinfo:472 - v41/nbCode/getauth||1813928:17
babyhealth:[2016-04-26 13:52:45]  INFO orderinfo:472 - v41/nbCode/getauth||1063809:17
babyhealth:[2016-04-26 13:52:50]  INFO orderinfo:472 - v41/nbCode/getauth||1104692:17
babyhealth:[2016-04-26 13:52:50]  INFO orderinfo:472 - v41/nbCode/getauth||1813928:17
babyhealth:[2016-04-26 13:52:51]  INFO orderinfo:472 - v41/nbCode/getauth||1063809:17
babyhealth:[2016-04-26 13:52:53]  INFO orderinfo:472 - v41/nbCode/getauth||1875382:17
babyhealth:[2016-04-26 13:52:58]  INFO orderinfo:472 - v41/nbCode/getauth||1063809:17
babyhealth:[2016-04-26 13:53:04]  INFO orderinfo:472 - v41/nbCode/getauth||1063809:17
babyhealth:[2016-04-26 13:53:05]  INFO orderinfo:472 - v41/nbCode/getauth||47492:17
babyhealth:[2016-04-26 13:53:07]  INFO orderinfo:472 - v41/nbCode/getauth||47492:18
babyhealth:[2016-04-26 13:53:07]  INFO orderinfo:472 - v41/nbCode/getauth||1063809:17
babyhealth:[2016-04-26 13:53:07]  INFO orderinfo:472 - v41/nbCode/getauth||90107:17
babyhealth:[2016-04-26 13:53:18]  INFO orderinfo:472 - v41/nbCode/getauth||1063809:17
babyhealth:[2016-04-26 13:53:18]  INFO orderinfo:472 - v41/nbCode/getauth||90107:18
babyhealth:[2016-04-26 13:53:18]  INFO orderinfo:472 - v41/nbCode/getauth||1875382:17
babyhealth:[2016-04-26 13:53:21]  INFO orderinfo:472 - v41/nbCode/getauth||1684686:17
babyhealth:[2016-04-26 13:53:21]  INFO orderinfo:472 - v41/nbCode/getauth||1063809:17
babyhealth:[2016-04-26 13:53:22]  INFO orderinfo:472 - v41/nbCode/getauth||1828097:18
babyhealth:[2016-04-26 13:53:22]  INFO orderinfo:472 - v41/nbCode/getauth||90107:17
babyhealth:[2016-04-26 13:53:26]  INFO orderinfo:472 - v41/nbCode/getauth||47492:18
babyhealth:[2016-04-26 13:53:28]  INFO orderinfo:472 - v41/nbCode/getauth||1063809:17
babyhealth:[2016-04-26 13:53:36]  INFO orderinfo:472 - v41/nbCode/getauth||1875382:17
babyhealth:[2016-04-26 13:53:39]  INFO orderinfo:472 - v41/nbCode/getauth||1875382:17
babyhealth:[2016-04-26 13:53:42]  INFO orderinfo:472 - v41/nbCode/getauth||455194:17
babyhealth:[2016-04-26 13:53:47]  INFO orderinfo:472 - v41/nbCode/getauth||47492:18
babyhealth:[2016-04-26 13:53:59]  INFO orderinfo:472 - v41/nbCode/getauth||1828097:18
babyhealth:[2016-04-26 13:54:03]  INFO orderinfo:472 - v41/nbCode/getauth||455194:18
babyhealth:[2016-04-26 13:54:09]  INFO orderinfo:472 - v41/nbCode/getauth||1875382:17
babyhealth:[2016-04-26 13:54:12]  INFO orderinfo:472 - v41/nbCode/getauth||47492:18
babyhealth:[2016-04-26 13:54:14]  INFO orderinfo:472 - v41/nbCode/getauth||47492:17
babyhealth:[2016-04-26 13:54:15]  INFO orderinfo:472 - v41/nbCode/getauth||1875382:18
babyhealth:[2016-04-26 13:54:15]  INFO orderinfo:472 - v41/nbCode/getauth||264906:17
babyhealth:[2016-04-26 13:54:22]  INFO orderinfo:472 - v41/nbCode/getauth||1875382:17
babyhealth:[2016-04-26 13:54:24]  INFO orderinfo:472 - v41/nbCode/getauth||1255680:17
babyhealth:[2016-04-26 13:54:37]  INFO orderinfo:472 - v41/nbCode/getauth||1890470:17
babyhealth:[2016-04-26 13:54:39]  INFO orderinfo:472 - v41/nbCode/getauth||201817:18
babyhealth:[2016-04-26 13:54:41]  INFO orderinfo:472 - v41/nbCode/getauth||264906:18
babyhealth:[2016-04-26 13:54:42]  INFO orderinfo:472 - v41/nbCode/getauth||1828097:18
babyhealth:[2016-04-26 13:54:43]  INFO orderinfo:472 - v41/nbCode/getauth||201817:17
babyhealth:[2016-04-26 13:54:47]  INFO orderinfo:472 - v41/nbCode/getauth||1197491:18
babyhealth:[2016-04-26 13:54:50]  INFO orderinfo:472 - v41/nbCode/getauth||264906:17
babyhealth:[2016-04-26 13:54:51]  INFO orderinfo:472 - v41/nbCode/getauth||1104692:17
babyhealth:[2016-04-26 13:54:53]  INFO orderinfo:472 - v41/nbCode/getauth||1104692:17
babyhealth:[2016-04-26 13:54:54]  INFO orderinfo:472 - v41/nbCode/getauth||1063809:17
babyhealth:[2016-04-26 13:54:55]  INFO orderinfo:472 - v41/nbCode/getauth||1104692:17
babyhealth:[2016-04-26 13:54:57]  INFO orderinfo:472 - v41/nbCode/getauth||1104692:17
babyhealth:[2016-04-26 13:54:57]  INFO orderinfo:472 - v41/nbCode/getauth||1063809:17
babyhealth:[2016-04-26 13:55:00]  INFO orderinfo:472 - v41/nbCode/getauth||1875382:17
babyhealth:[2016-04-26 13:55:05]  INFO orderinfo:472 - v41/nbCode/getauth||1828097:18
babyhealth:[2016-04-26 13:55:06]  INFO orderinfo:472 - v41/nbCode/getauth||1063809:17
babyhealth:[2016-04-26 13:55:10]  INFO orderinfo:472 - v41/nbCode/getauth||67732:18
babyhealth:[2016-04-26 13:55:12]  INFO orderinfo:472 - v41/nbCode/getauth||1821782:18
babyhealth:[2016-04-26 13:55:16]  INFO orderinfo:472 - v41/nbCode/getauth||1063809:18
babyhealth:[2016-04-26 13:55:19]  INFO orderinfo:472 - v41/nbCode/getauth||1821782:18
babyhealth:[2016-04-26 13:55:20]  INFO orderinfo:472 - v41/nbCode/getauth||1875382:17
babyhealth:[2016-04-26 13:55:23]  INFO orderinfo:472 - v41/nbCode/getauth||1828097:18
babyhealth:[2016-04-26 13:55:24]  INFO orderinfo:472 - v41/nbCode/getauth||1063809:17
babyhealth:[2016-04-26 13:55:25]  INFO orderinfo:472 - v41/nbCode/getauth||1104692:17
babyhealth:[2016-04-26 13:55:25]  INFO orderinfo:472 - v41/nbCode/getauth||1078989:18
babyhealth:[2016-04-26 13:55:26]  INFO orderinfo:472 - v41/nbCode/getauth||468035:18
babyhealth:[2016-04-26 13:55:27]  INFO orderinfo:472 - v41/nbCode/getauth||264906:18
babyhealth:[2016-04-26 13:55:32]  INFO orderinfo:472 - v41/nbCode/getauth||1063809:17
babyhealth:[2016-04-26 13:55:34]  INFO orderinfo:472 - v41/nbCode/getauth||1063809:17
babyhealth:[2016-04-26 13:55:36]  INFO orderinfo:472 - v41/nbCode/getauth||1063809:17
babyhealth:[2016-04-26 13:55:37]  INFO orderinfo:472 - v41/nbCode/getauth||1063809:17
babyhealth:[2016-04-26 13:55:38]  INFO orderinfo:472 - v41/nbCode/getauth||1813055:17
babyhealth:[2016-04-26 13:55:39]  INFO orderinfo:472 - v41/nbCode/getauth||1063809:18
babyhealth:[2016-04-26 13:55:40]  INFO orderinfo:472 - v41/nbCode/getauth||1154341:18
babyhealth:[2016-04-26 13:55:42]  INFO orderinfo:472 - v41/nbCode/getauth||1154341:18
babyhealth:[2016-04-26 13:55:44]  INFO orderinfo:472 - v41/nbCode/getauth||1154341:18
babyhealth:[2016-04-26 13:55:45]  INFO orderinfo:472 - v41/nbCode/getauth||1875382:17
babyhealth:[2016-04-26 13:55:46]  INFO orderinfo:472 - v41/nbCode/getauth||1063809:17
babyhealth:[2016-04-26 13:55:55]  INFO orderinfo:472 - v41/nbCode/getauth||1063809:17
babyhealth:[2016-04-26 13:55:59]  INFO orderinfo:472 - v41/nbCode/getauth||1875382:17
babyhealth:[2016-04-26 13:56:00]  INFO orderinfo:472 - v41/nbCode/getauth||1063809:17
babyhealth:[2016-04-26 13:56:07]  INFO orderinfo:472 - v41/nbCode/getauth||1302293:17
babyhealth:[2016-04-26 13:56:07]  INFO orderinfo:472 - v41/nbCode/getauth||1063809:17
babyhealth:[2016-04-26 13:56:09]  INFO orderinfo:472 - v41/nbCode/getauth||264906:18
babyhealth:[2016-04-26 13:56:09]  INFO orderinfo:472 - v41/nbCode/getauth||1241572:17
babyhealth:[2016-04-26 13:56:09]  INFO orderinfo:472 - v41/nbCode/getauth||1821782:18
babyhealth:[2016-04-26 13:56:10]  INFO orderinfo:472 - v41/nbCode/getauth||1078989:17
babyhealth:[2016-04-26 13:56:12]  INFO orderinfo:472 - v41/nbCode/getauth||1241572:17
babyhealth:[2016-04-26 13:56:13]  INFO orderinfo:472 - v41/nbCode/getauth||1063809:17
babyhealth:[2016-04-26 13:56:14]  INFO orderinfo:472 - v41/nbCode/getauth||1241572:17
babyhealth:[2016-04-26 13:56:15]  INFO orderinfo:472 - v41/nbCode/getauth||1875382:17
babyhealth:[2016-04-26 13:56:16]  INFO orderinfo:472 - v41/nbCode/getauth||1241572:17
babyhealth:[2016-04-26 13:56:17]  INFO orderinfo:472 - v41/nbCode/getauth||1154341:18
babyhealth:[2016-04-26 13:56:17]  INFO orderinfo:472 - v41/nbCode/getauth||1078989:18
babyhealth:[2016-04-26 13:56:18]  INFO orderinfo:472 - v41/nbCode/getauth||1241572:17
babyhealth:[2016-04-26 13:56:21]  INFO orderinfo:472 - v41/nbCode/getauth||194723:17
babyhealth:[2016-04-26 13:56:23]  INFO orderinfo:472 - v41/nbCode/getauth||1104692:17
babyhealth:[2016-04-26 13:56:24]  INFO orderinfo:472 - v41/nbCode/getauth||1875382:17
babyhealth:[2016-04-26 13:56:25]  INFO orderinfo:472 - v41/nbCode/getauth||1649049:17
babyhealth:[2016-04-26 13:56:25]  INFO orderinfo:472 - v41/nbCode/getauth||194723:17
babyhealth:[2016-04-26 13:56:32]  INFO orderinfo:472 - v41/nbCode/getauth||1063809:17
babyhealth:[2016-04-26 13:56:36]  INFO orderinfo:472 - v41/nbCode/getauth||1063809:17
babyhealth:[2016-04-26 13:56:37]  INFO orderinfo:472 - v41/nbCode/getauth||1822024:17
babyhealth:[2016-04-26 13:56:38]  INFO orderinfo:472 - v41/nbCode/getauth||1875382:17
babyhealth:[2016-04-26 13:56:38]  INFO orderinfo:472 - v41/nbCode/getauth||1063809:17
babyhealth:[2016-04-26 13:56:40]  INFO orderinfo:472 - v41/nbCode/getauth||1822024:18
babyhealth:[2016-04-26 13:56:41]  INFO orderinfo:472 - v41/nbCode/getauth||1063809:17
babyhealth:[2016-04-26 13:56:42]  INFO orderinfo:472 - v41/nbCode/getauth||1902639:18
babyhealth:[2016-04-26 13:56:43]  INFO orderinfo:472 - v41/nbCode/getauth||1822024:17
babyhealth:[2016-04-26 13:56:45]  INFO orderinfo:472 - v41/nbCode/getauth||264906:18
babyhealth:[2016-04-26 13:56:46]  INFO orderinfo:472 - v41/nbCode/getauth||67732:18
babyhealth:[2016-04-26 13:56:46]  INFO orderinfo:472 - v41/nbCode/getauth||1063809:17
babyhealth:[2016-04-26 13:56:47]  INFO orderinfo:472 - v41/nbCode/getauth||1078989:18
babyhealth:[2016-04-26 13:56:48]  INFO orderinfo:472 - v41/nbCode/getauth||1822024:17
babyhealth:[2016-04-26 13:56:49]  INFO orderinfo:472 - v41/nbCode/getauth||1063809:17
babyhealth:[2016-04-26 13:56:49]  INFO orderinfo:472 - v41/nbCode/getauth||1154341:18
babyhealth:[2016-04-26 13:56:51]  INFO orderinfo:472 - v41/nbCode/getauth||1875382:17
babyhealth:[2016-04-26 13:56:51]  INFO orderinfo:472 - v41/nbCode/getauth||1822024:17
babyhealth:[2016-04-26 13:56:51]  INFO orderinfo:472 - v41/nbCode/getauth||1063809:17
babyhealth:[2016-04-26 13:56:54]  INFO orderinfo:472 - v41/nbCode/getauth||1078989:18
babyhealth:[2016-04-26 13:56:54]  INFO orderinfo:472 - v41/nbCode/getauth||1258180:17
babyhealth:[2016-04-26 13:56:58]  INFO orderinfo:472 - v41/nbCode/getauth||1104692:17
babyhealth:[2016-04-26 13:56:59]  INFO orderinfo:472 - v41/nbCode/getauth||468035:18
babyhealth:[2016-04-26 13:57:00]  INFO orderinfo:472 - v41/nbCode/getauth||1063809:17
babyhealth:[2016-04-26 13:57:01]  INFO orderinfo:472 - v41/nbCode/getauth||1104692:17
babyhealth:[2016-04-26 13:57:04]  INFO orderinfo:472 - v41/nbCode/getauth||1063809:17
babyhealth:[2016-04-26 13:57:04]  INFO orderinfo:472 - v41/nbCode/getauth||1104692:17
babyhealth:[2016-04-26 13:57:05]  INFO orderinfo:472 - v41/nbCode/getauth||1154341:17
babyhealth:[2016-04-26 13:57:06]  INFO orderinfo:472 - v41/nbCode/getauth||1154341:17
babyhealth:[2016-04-26 13:57:08]  INFO orderinfo:472 - v41/nbCode/getauth||1063809:17
babyhealth:[2016-04-26 13:57:08]  INFO orderinfo:472 - v41/nbCode/getauth||1875382:17
babyhealth:[2016-04-26 13:57:09]  INFO orderinfo:472 - v41/nbCode/getauth||1104692:17
babyhealth:[2016-04-26 13:57:11]  INFO orderinfo:472 - v41/nbCode/getauth||1154341:18
babyhealth:[2016-04-26 13:57:12]  INFO orderinfo:472 - v41/nbCode/getauth||1063809:17
babyhealth:[2016-04-26 13:57:12]  INFO orderinfo:472 - v41/nbCode/getauth||1104692:17
babyhealth:[2016-04-26 13:57:12]  INFO orderinfo:472 - v41/nbCode/getauth||1154341:18
babyhealth:[2016-04-26 13:57:13]  INFO orderinfo:472 - v41/nbCode/getauth||1578744:17
babyhealth:[2016-04-26 13:57:14]  INFO orderinfo:472 - v41/nbCode/getauth||1104692:17
babyhealth:[2016-04-26 13:57:14]  INFO orderinfo:472 - v41/nbCode/getauth||1063809:17
babyhealth:[2016-04-26 13:57:15]  INFO orderinfo:472 - v41/nbCode/getauth||1154341:17
babyhealth:[2016-04-26 13:57:16]  INFO orderinfo:472 - v41/nbCode/getauth||418458:17
babyhealth:[2016-04-26 13:57:16]  INFO orderinfo:472 - v41/nbCode/getauth||1104692:17
babyhealth:[2016-04-26 13:57:16]  INFO orderinfo:472 - v41/nbCode/getauth||1063809:17
babyhealth:[2016-04-26 13:57:17]  INFO orderinfo:472 - v41/nbCode/getauth||1274109:18
babyhealth:[2016-04-26 13:57:18]  INFO orderinfo:472 - v41/nbCode/getauth||1104692:17
babyhealth:[2016-04-26 13:57:18]  INFO orderinfo:472 - v41/nbCode/getauth||1155386:18
babyhealth:[2016-04-26 13:57:18]  INFO orderinfo:472 - v41/nbCode/getauth||418458:18
babyhealth:[2016-04-26 13:57:18]  INFO orderinfo:472 - v41/nbCode/getauth||1274109:18
babyhealth:[2016-04-26 13:57:19]  INFO orderinfo:472 - v41/nbCode/getauth||1258180:17
babyhealth:[2016-04-26 13:57:19]  INFO orderinfo:472 - v41/nbCode/getauth||1104692:17
babyhealth:[2016-04-26 13:57:20]  INFO orderinfo:472 - v41/nbCode/getauth||1274109:18
babyhealth:[2016-04-26 13:57:20]  INFO orderinfo:472 - v41/nbCode/getauth||1255680:17
babyhealth:[2016-04-26 13:57:21]  INFO orderinfo:472 - v41/nbCode/getauth||1063809:17
babyhealth:[2016-04-26 13:57:21]  INFO orderinfo:472 - v41/nbCode/getauth||1104692:17
babyhealth:[2016-04-26 13:57:21]  INFO orderinfo:472 - v41/nbCode/getauth||1274109:18
babyhealth:[2016-04-26 13:57:22]  INFO orderinfo:472 - v41/nbCode/getauth||1104692:17
babyhealth:[2016-04-26 13:57:22]  INFO orderinfo:472 - v41/nbCode/getauth||1875382:17
babyhealth:[2016-04-26 13:57:23]  INFO orderinfo:472 - v41/nbCode/getauth||1274109:18
babyhealth:[2016-04-26 13:57:23]  INFO orderinfo:472 - v41/nbCode/getauth||1063809:17
babyhealth:[2016-04-26 13:57:23]  INFO orderinfo:472 - v41/nbCode/getauth||1258180:17
babyhealth:[2016-04-26 13:57:24]  INFO orderinfo:472 - v41/nbCode/getauth||1903487:18
babyhealth:[2016-04-26 13:57:24]  INFO orderinfo:472 - v41/nbCode/getauth||1104692:17
babyhealth:[2016-04-26 13:57:25]  INFO orderinfo:472 - v41/nbCode/getauth||194723:17
babyhealth:[2016-04-26 13:57:26]  INFO orderinfo:472 - v41/nbCode/getauth||1684686:17
babyhealth:[2016-04-26 13:57:26]  INFO orderinfo:472 - v41/nbCode/getauth||1104692:17
babyhealth:[2016-04-26 13:57:26]  INFO orderinfo:472 - v41/nbCode/getauth||1514511:18
babyhealth:[2016-04-26 13:57:27]  INFO orderinfo:472 - v41/nbCode/getauth||1274109:18
babyhealth:[2016-04-26 13:57:28]  INFO orderinfo:472 - v41/nbCode/getauth||1274109:18
babyhealth:[2016-04-26 13:57:29]  INFO orderinfo:472 - v41/nbCode/getauth||1903487:18
babyhealth:[2016-04-26 13:57:31]  INFO orderinfo:472 - v41/nbCode/getauth||1514511:18
babyhealth:[2016-04-26 13:57:31]  INFO orderinfo:472 - v41/nbCode/getauth||1258180:17
babyhealth:[2016-04-26 13:57:32]  INFO orderinfo:472 - v41/nbCode/getauth||1903487:18
babyhealth:[2016-04-26 13:57:33]  INFO orderinfo:472 - v41/nbCode/getauth||1514511:18
babyhealth:[2016-04-26 13:57:34]  INFO orderinfo:472 - v41/nbCode/getauth||707306:17
babyhealth:[2016-04-26 13:57:35]  INFO orderinfo:472 - v41/nbCode/getauth||1154341:18
babyhealth:[2016-04-26 13:57:35]  INFO orderinfo:472 - v41/nbCode/getauth||1313617:18
babyhealth:[2016-04-26 13:57:35]  INFO orderinfo:472 - v41/nbCode/getauth||1104692:17
babyhealth:[2016-04-26 13:57:35]  INFO orderinfo:472 - v41/nbCode/getauth||1514511:18
babyhealth:[2016-04-26 13:57:36]  INFO orderinfo:472 - v41/nbCode/getauth||1258180:17
babyhealth:[2016-04-26 13:57:36]  INFO orderinfo:472 - v41/nbCode/getauth||1274109:18
babyhealth:[2016-04-26 13:57:36]  INFO orderinfo:472 - v41/nbCode/getauth||707306:18
babyhealth:[2016-04-26 13:57:37]  INFO orderinfo:472 - v41/nbCode/getauth||1854270:17
babyhealth:[2016-04-26 13:57:37]  INFO orderinfo:472 - v41/nbCode/getauth||1063809:17
babyhealth:[2016-04-26 13:57:37]  INFO orderinfo:472 - v41/nbCode/getauth||1104692:17
babyhealth:[2016-05-03 15:34:34]  INFO orderinfo:472 - v41/nbCode/getauth||1879980:17
babyhealth:[2016-05-03 15:34:43]  INFO orderinfo:472 - v41/nbCode/getauth||1886380:17
babyhealth:[2016-05-03 15:34:49]  INFO orderinfo:472 - v41/nbCode/getauth||1886380:18
babyhealth:[2016-05-03 15:35:38]  INFO orderinfo:472 - v41/nbCode/getauth||1879980:18
babyhealth:[2016-05-03 15:37:38]  INFO orderinfo:472 - v41/nbCode/getauth||207169:17
babyhealth:[2016-05-03 15:37:41]  INFO orderinfo:472 - v41/nbCode/getauth||207169:18
babyhealth:[2016-05-03 15:38:10]  INFO orderinfo:472 - v41/nbCode/getauth||279994:18
babyhealth:[2016-05-03 15:38:16]  INFO orderinfo:472 - v41/nbCode/getauth||279994:17
babyhealth:[2016-05-03 15:43:03]  INFO orderinfo:472 - v41/nbCode/getauth||1879980:17
babyhealth:[2016-05-03 15:43:07]  INFO orderinfo:472 - v41/nbCode/getauth||1879980:18
babyhealth:[2016-05-03 15:44:26]  INFO orderinfo:472 - v41/nbCode/getauth||1946126:18
babyhealth:[2016-05-03 15:44:35]  INFO orderinfo:472 - v41/nbCode/getauth||1946126:17
babyhealth:[2016-05-03 15:46:32]  INFO orderinfo:472 - v41/nbCode/getauth||395644:17
babyhealth:[2016-05-03 15:47:05]  INFO orderinfo:472 - v41/nbCode/getauth||1216227:17
babyhealth:[2016-05-03 15:50:08]  INFO orderinfo:472 - v41/nbCode/getauth||1946124:17
babyhealth:[2016-05-03 15:50:54]  INFO orderinfo:472 - v41/nbCode/getauth||209211:17
babyhealth:[2016-05-03 15:50:59]  INFO orderinfo:472 - v41/nbCode/getauth||209211:18
babyhealth:[2016-05-03 15:52:35]  INFO orderinfo:472 - v41/nbCode/getauth||1755921:18
babyhealth:[2016-05-03 15:53:18]  INFO orderinfo:472 - v41/nbCode/getauth||713953:18
babyhealth:[2016-05-03 15:53:29]  INFO orderinfo:472 - v41/nbCode/getauth||713953:17
babyhealth:[2016-05-03 15:56:15]  INFO orderinfo:472 - v41/nbCode/getauth||1812663:17
babyhealth:[2016-05-03 15:57:30]  INFO orderinfo:472 - v41/nbCode/getauth||1624847:17
babyhealth:[2016-05-03 15:57:33]  INFO orderinfo:472 - v41/nbCode/getauth||1624847:18
babyhealth:[2016-05-03 16:00:54]  INFO orderinfo:472 - v41/nbCode/getauth||205982:17
babyhealth:[2016-05-03 16:03:23]  INFO orderinfo:472 - v41/nbCode/getauth||1483548:17
babyhealth:[2016-05-03 16:03:29]  INFO orderinfo:472 - v41/nbCode/getauth||1483548:18
babyhealth:[2016-05-03 16:04:01]  INFO orderinfo:472 - v41/nbCode/getauth||1482966:17
babyhealth:[2016-05-03 16:04:09]  INFO orderinfo:472 - v41/nbCode/getauth||1482966:18
babyhealth:[2016-05-03 16:05:14]  INFO orderinfo:472 - v41/nbCode/getauth||1767551:18
babyhealth:[2016-05-03 16:05:32]  INFO orderinfo:472 - v41/nbCode/getauth||1767551:18
babyhealth:[2016-05-03 16:05:38]  INFO orderinfo:472 - v41/nbCode/getauth||1767551:17
babyhealth:[2016-05-03 16:06:05]  INFO orderinfo:472 - v41/nbCode/getauth||1710023:17
babyhealth:[2016-05-03 16:06:08]  INFO orderinfo:472 - v41/nbCode/getauth||1710023:18
babyhealth:[2016-05-03 16:06:33]  INFO orderinfo:472 - v41/nbCode/getauth||1946177:17
babyhealth:[2016-05-03 16:06:38]  INFO orderinfo:472 - v41/nbCode/getauth||1946177:18
babyhealth:[2016-05-03 16:07:09]  INFO orderinfo:472 - v41/nbCode/getauth||1658477:18
babyhealth:[2016-05-03 16:08:07]  INFO orderinfo:472 - v41/nbCode/getauth||1274500:17
babyhealth:[2016-05-03 16:11:24]  INFO orderinfo:472 - v41/nbCode/getauth||792950:17
babyhealth:[2016-05-03 16:11:40]  INFO orderinfo:472 - v41/nbCode/getauth||792950:18
babyhealth:[2016-05-03 16:11:55]  INFO orderinfo:472 - v41/nbCode/getauth||1660573:17
babyhealth:[2016-05-03 16:12:02]  INFO orderinfo:472 - v41/nbCode/getauth||1680992:17
babyhealth:[2016-05-03 16:12:09]  INFO orderinfo:472 - v41/nbCode/getauth||1680992:18
babyhealth:[2016-05-03 16:12:10]  INFO orderinfo:472 - v41/nbCode/getauth||1660573:18
babyhealth:[2016-05-03 16:13:08]  INFO orderinfo:472 - v41/nbCode/getauth||1148273:17
babyhealth:[2016-05-03 16:13:14]  INFO orderinfo:472 - v41/nbCode/getauth||1148273:18
babyhealth:[2016-05-03 16:13:15]  INFO orderinfo:472 - v41/nbCode/getauth||1658487:17
babyhealth:[2016-05-03 16:13:23]  INFO orderinfo:472 - v41/nbCode/getauth||1658487:18
babyhealth:[2016-05-03 16:13:27]  INFO orderinfo:472 - v41/nbCode/getauth||1658487:17
babyhealth:[2016-05-03 16:15:11]  INFO orderinfo:472 - v41/nbCode/getauth||1200956:17
babyhealth:[2016-05-03 16:16:07]  INFO orderinfo:472 - v41/nbCode/getauth||1946227:17
babyhealth:[2016-05-03 16:16:12]  INFO orderinfo:472 - v41/nbCode/getauth||1946227:18
babyhealth:[2016-05-03 16:17:53]  INFO orderinfo:472 - v41/nbCode/getauth||1500725:17
babyhealth:[2016-05-03 16:23:05]  INFO orderinfo:472 - v41/nbCode/getauth||180478:18
babyhealth:[2016-05-03 16:23:27]  INFO orderinfo:472 - v41/nbCode/getauth||875028:18
babyhealth:[2016-05-03 16:23:33]  INFO orderinfo:472 - v41/nbCode/getauth||875028:18
babyhealth:[2016-05-03 16:27:04]  INFO orderinfo:472 - v41/nbCode/getauth||1425366:17
babyhealth:[2016-05-03 16:27:34]  INFO orderinfo:472 - v41/nbCode/getauth||1425366:18
babyhealth:[2016-05-03 16:28:55]  INFO orderinfo:472 - v41/nbCode/getauth||1508043:17
babyhealth:[2016-05-03 16:29:48]  INFO orderinfo:472 - v41/nbCode/getauth||1121161:17
babyhealth:[2016-05-03 16:29:52]  INFO orderinfo:472 - v41/nbCode/getauth||1121161:18
babyhealth:[2016-05-03 16:30:02]  INFO orderinfo:472 - v41/nbCode/getauth||1837763:17
babyhealth:[2016-05-03 16:30:24]  INFO orderinfo:472 - v41/nbCode/getauth||1837763:17
babyhealth:[2016-05-03 16:32:32]  INFO orderinfo:472 - v41/nbCode/getauth||1946314:17
babyhealth:[2016-05-03 16:32:35]  INFO orderinfo:472 - v41/nbCode/getauth||1946314:18
babyhealth:[2016-05-03 16:34:24]  INFO orderinfo:472 - v41/nbCode/getauth||1170039:17
babyhealth:[2016-05-03 16:36:28]  INFO orderinfo:472 - v41/nbCode/getauth||1944651:17
babyhealth:[2016-05-03 16:36:32]  INFO orderinfo:472 - v41/nbCode/getauth||1944651:18
babyhealth:[2016-05-03 16:38:23]  INFO orderinfo:472 - v41/nbCode/getauth||1556731:17
babyhealth:[2016-05-03 16:38:30]  INFO orderinfo:472 - v41/nbCode/getauth||1556731:17
babyhealth:[2016-05-03 16:38:32]  INFO orderinfo:472 - v41/nbCode/getauth||1556731:18
babyhealth:[2016-05-03 16:38:45]  INFO orderinfo:472 - v41/nbCode/getauth||1556731:17
babyhealth:[2016-05-03 16:40:28]  INFO orderinfo:472 - v41/nbCode/getauth||1793687:17
babyhealth:[2016-05-03 16:43:30]  INFO orderinfo:472 - v41/nbCode/getauth||1710955:17
babyhealth:[2016-05-03 16:44:13]  INFO orderinfo:472 - v41/nbCode/getauth||1887489:17
babyhealth:[2016-05-03 16:44:39]  INFO orderinfo:472 - v41/nbCode/getauth||1039303:17
babyhealth:[2016-05-03 16:44:44]  INFO orderinfo:472 - v41/nbCode/getauth||1039303:18
babyhealth:[2016-05-03 16:47:26]  INFO orderinfo:472 - v41/nbCode/getauth||1900654:17
babyhealth:[2016-05-03 16:51:43]  INFO orderinfo:472 - v41/nbCode/getauth||1679615:17
babyhealth:[2016-05-03 16:51:46]  INFO orderinfo:472 - v41/nbCode/getauth||1679615:18
babyhealth:[2016-05-03 16:54:03]  INFO orderinfo:472 - v41/nbCode/getauth||1946347:17
babyhealth:[2016-05-03 16:58:33]  INFO orderinfo:472 - v41/nbCode/getauth||1436964:17
babyhealth:[2016-05-03 16:58:47]  INFO orderinfo:472 - v41/nbCode/getauth||1939033:18
babyhealth:[2016-05-03 16:58:51]  INFO orderinfo:472 - v41/nbCode/getauth||1939033:17
babyhealth:[2016-05-03 16:58:56]  INFO orderinfo:472 - v41/nbCode/getauth||1939033:18
babyhealth:[2016-05-03 16:59:04]  INFO orderinfo:472 - v41/nbCode/getauth||1689933:17
babyhealth:[2016-05-03 16:59:13]  INFO orderinfo:472 - v41/nbCode/getauth||1689933:18
babyhealth:[2016-05-03 17:01:59]  INFO orderinfo:472 - v41/nbCode/getauth||1013169:17
babyhealth:[2016-05-03 17:02:03]  INFO orderinfo:472 - v41/nbCode/getauth||1013169:18
babyhealth:[2016-05-03 17:03:09]  INFO orderinfo:472 - v41/nbCode/getauth||1942158:17
babyhealth:[2016-05-03 17:03:14]  INFO orderinfo:472 - v41/nbCode/getauth||1942158:18
babyhealth:[2016-05-03 17:03:59]  INFO orderinfo:472 - v41/nbCode/getauth||1815984:17
babyhealth:[2016-05-03 17:04:09]  INFO orderinfo:472 - v41/nbCode/getauth||1815984:18
babyhealth:[2016-05-03 17:05:31]  INFO orderinfo:472 - v41/nbCode/getauth||1946458:17
babyhealth:[2016-05-03 17:05:35]  INFO orderinfo:472 - v41/nbCode/getauth||1946458:18
babyhealth:[2016-05-03 17:06:32]  INFO orderinfo:472 - v41/nbCode/getauth||188660:17
babyhealth:[2016-05-03 17:07:16]  INFO orderinfo:472 - v41/nbCode/getauth||1866449:17
babyhealth:[2016-05-03 17:07:28]  INFO orderinfo:472 - v41/nbCode/getauth||1866449:18
babyhealth:[2016-05-03 17:07:36]  INFO orderinfo:472 - v41/nbCode/getauth||1123452:17
babyhealth:[2016-05-03 17:07:42]  INFO orderinfo:472 - v41/nbCode/getauth||1123452:18
babyhealth:[2016-05-03 17:08:50]  INFO orderinfo:472 - v41/nbCode/getauth||1946490:17
babyhealth:[2016-05-03 17:08:55]  INFO orderinfo:472 - v41/nbCode/getauth||1478683:17
babyhealth:[2016-05-03 17:08:56]  INFO orderinfo:472 - v41/nbCode/getauth||1946490:18
babyhealth:[2016-05-03 17:09:22]  INFO orderinfo:472 - v41/nbCode/getauth||1946490:18
babyhealth:[2016-05-03 17:10:36]  INFO orderinfo:472 - v41/nbCode/getauth||1946493:17
babyhealth:[2016-05-03 17:10:43]  INFO orderinfo:472 - v41/nbCode/getauth||1884655:17
babyhealth:[2016-05-03 17:11:34]  INFO orderinfo:472 - v41/nbCode/getauth||15344:17
babyhealth:[2016-05-03 17:13:42]  INFO orderinfo:472 - v41/nbCode/getauth||1135429:17
babyhealth:[2016-05-03 17:15:33]  INFO orderinfo:472 - v41/nbCode/getauth||1563254:17
babyhealth:[2016-05-03 17:17:30]  INFO orderinfo:472 - v41/nbCode/getauth||1946385:17
babyhealth:[2016-05-03 17:17:36]  INFO orderinfo:472 - v41/nbCode/getauth||1946385:18
babyhealth:[2016-05-03 17:18:19]  INFO orderinfo:472 - v41/nbCode/getauth||1642037:17
babyhealth:[2016-05-03 17:29:26]  INFO orderinfo:472 - v41/nbCode/getauth||1612919:17
babyhealth:[2016-05-03 17:29:32]  INFO orderinfo:472 - v41/nbCode/getauth||1612919:18
babyhealth:[2016-05-03 17:30:44]  INFO orderinfo:472 - v41/nbCode/getauth||1547857:17
babyhealth:[2016-05-03 17:35:31]  INFO orderinfo:472 - v41/nbCode/getauth||228938:17
babyhealth:[2016-05-03 17:35:37]  INFO orderinfo:472 - v41/nbCode/getauth||228938:18
babyhealth:[2016-05-03 17:35:41]  INFO orderinfo:472 - v41/nbCode/getauth||1946533:17
babyhealth:[2016-05-03 17:38:22]  INFO orderinfo:472 - v41/nbCode/getauth||1932670:17
babyhealth:[2016-05-03 17:38:36]  INFO orderinfo:472 - v41/nbCode/getauth||1932670:18
babyhealth:[2016-05-03 17:39:00]  INFO orderinfo:472 - v41/nbCode/getauth||1932670:17
babyhealth:[2016-05-03 17:39:14]  INFO orderinfo:472 - v41/nbCode/getauth||1932670:18
babyhealth:[2016-05-03 17:39:17]  INFO orderinfo:472 - v41/nbCode/getauth||1932670:18
babyhealth:[2016-05-03 17:39:24]  INFO orderinfo:472 - v41/nbCode/getauth||1932670:18
babyhealth:[2016-05-03 17:39:35]  INFO orderinfo:472 - v41/nbCode/getauth||1932670:17
babyhealth:[2016-05-03 17:40:14]  INFO orderinfo:472 - v41/nbCode/getauth||1946630:18
babyhealth:[2016-05-03 17:40:34]  INFO orderinfo:472 - v41/nbCode/getauth||1246102:17
babyhealth:[2016-05-03 17:40:40]  INFO orderinfo:472 - v41/nbCode/getauth||1246102:18
babyhealth:[2016-05-03 17:41:45]  INFO orderinfo:472 - v41/nbCode/getauth||1939080:17
babyhealth:[2016-05-03 17:42:03]  INFO orderinfo:472 - v41/nbCode/getauth||1939080:18
babyhealth:[2016-05-03 17:45:42]  INFO orderinfo:472 - v41/nbCode/getauth||1591852:17
babyhealth:[2016-05-03 17:45:50]  INFO orderinfo:472 - v41/nbCode/getauth||1591852:18
babyhealth:[2016-05-03 17:47:04]  INFO orderinfo:472 - v41/nbCode/getauth||1447176:17
babyhealth:[2016-05-03 17:47:32]  INFO orderinfo:472 - v41/nbCode/getauth||160920:17
babyhealth:[2016-05-03 17:47:40]  INFO orderinfo:472 - v41/nbCode/getauth||160920:18
babyhealth:[2016-05-03 17:47:46]  INFO orderinfo:472 - v41/nbCode/getauth||160920:17
babyhealth:[2016-05-03 17:48:58]  INFO orderinfo:472 - v41/nbCode/getauth||1126812:18
babyhealth:[2016-05-03 17:49:00]  INFO orderinfo:472 - v41/nbCode/getauth||1767833:18
babyhealth:[2016-05-03 17:49:05]  INFO orderinfo:472 - v41/nbCode/getauth||1767833:17
babyhealth:[2016-05-03 17:49:18]  INFO orderinfo:472 - v41/nbCode/getauth||1767833:18
babyhealth:[2016-05-03 17:49:39]  INFO orderinfo:472 - v41/nbCode/getauth||1508031:17
babyhealth:[2016-05-03 17:49:57]  INFO orderinfo:472 - v41/nbCode/getauth||1548612:17
babyhealth:[2016-05-03 17:50:32]  INFO orderinfo:472 - v41/nbCode/getauth||1946666:17
babyhealth:[2016-05-03 17:50:55]  INFO orderinfo:472 - v41/nbCode/getauth||1600663:17
babyhealth:[2016-05-03 17:50:55]  INFO orderinfo:472 - v41/nbCode/getauth||1516243:17
babyhealth:[2016-05-03 17:50:57]  INFO orderinfo:472 - v41/nbCode/getauth||1516243:18
babyhealth:[2016-05-03 17:52:22]  INFO orderinfo:472 - v41/nbCode/getauth||1203555:18
babyhealth:[2016-05-03 17:52:46]  INFO orderinfo:472 - v41/nbCode/getauth||1203555:17
babyhealth:[2016-05-03 17:52:51]  INFO orderinfo:472 - v41/nbCode/getauth||1203555:18
babyhealth:[2016-05-03 17:53:24]  INFO orderinfo:472 - v41/nbCode/getauth||1914902:17
babyhealth:[2016-05-03 17:54:09]  INFO orderinfo:472 - v41/nbCode/getauth||975885:17
babyhealth:[2016-05-03 17:56:36]  INFO orderinfo:472 - v41/nbCode/getauth||936365:18
babyhealth:[2016-05-03 17:56:39]  INFO orderinfo:472 - v41/nbCode/getauth||936365:17
babyhealth:[2016-05-03 18:04:10]  INFO orderinfo:472 - v41/nbCode/getauth||1868059:18
babyhealth:[2016-05-03 18:04:37]  INFO orderinfo:472 - v41/nbCode/getauth||145362:17
babyhealth:[2016-05-03 18:04:43]  INFO orderinfo:472 - v41/nbCode/getauth||1868059:17
babyhealth:[2016-05-03 18:05:12]  INFO orderinfo:472 - v41/nbCode/getauth||1278234:17
babyhealth:[2016-05-03 18:05:13]  INFO orderinfo:472 - v41/nbCode/getauth||1902380:17
babyhealth:[2016-05-03 18:05:19]  INFO orderinfo:472 - v41/nbCode/getauth||1902380:18
babyhealth:[2016-05-03 18:05:23]  INFO orderinfo:472 - v41/nbCode/getauth||1902380:17
babyhealth:[2016-05-03 18:05:23]  INFO orderinfo:472 - v41/nbCode/getauth||1278234:18
babyhealth:[2016-05-03 18:05:24]  INFO orderinfo:472 - v41/nbCode/getauth||1775190:17
babyhealth:[2016-05-03 18:05:33]  INFO orderinfo:472 - v41/nbCode/getauth||1424971:17
babyhealth:[2016-05-03 18:08:27]  INFO orderinfo:472 - v41/nbCode/getauth||965541:17
babyhealth:[2016-05-03 18:08:34]  INFO orderinfo:472 - v41/nbCode/getauth||965541:18
babyhealth:[2016-05-03 18:08:47]  INFO orderinfo:472 - v41/nbCode/getauth||1570880:17
babyhealth:[2016-05-03 18:08:54]  INFO orderinfo:472 - v41/nbCode/getauth||1570880:18
babyhealth:[2016-05-03 18:13:19]  INFO orderinfo:472 - v41/nbCode/getauth||1941585:17
babyhealth:[2016-05-03 18:13:30]  INFO orderinfo:472 - v41/nbCode/getauth||1072706:17
babyhealth:[2016-05-03 18:13:32]  INFO orderinfo:472 - v41/nbCode/getauth||1941585:18
babyhealth:[2016-05-03 18:17:08]  INFO orderinfo:472 - v41/nbCode/getauth||1940974:17
babyhealth:[2016-05-03 18:17:20]  INFO orderinfo:472 - v41/nbCode/getauth||1940974:18
babyhealth:[2016-05-03 18:17:34]  INFO orderinfo:472 - v41/nbCode/getauth||1888827:17
babyhealth:[2016-05-03 18:17:45]  INFO orderinfo:472 - v41/nbCode/getauth||1888827:18
babyhealth:[2016-05-03 18:24:03]  INFO orderinfo:472 - v41/nbCode/getauth||1069128:17
babyhealth:[2016-05-03 18:25:01]  INFO orderinfo:472 - v41/nbCode/getauth||1364540:17
babyhealth:[2016-05-03 18:25:12]  INFO orderinfo:472 - v41/nbCode/getauth||1364540:18
babyhealth:[2016-05-03 18:31:48]  INFO orderinfo:472 - v41/nbCode/getauth||1470065:17
babyhealth:[2016-05-03 18:33:08]  INFO orderinfo:472 - v41/nbCode/getauth||1946913:17
babyhealth:[2016-05-03 18:33:18]  INFO orderinfo:472 - v41/nbCode/getauth||1946913:18
babyhealth:[2016-05-03 18:40:01]  INFO orderinfo:472 - v41/nbCode/getauth||475687:17
babyhealth:[2016-05-03 18:40:15]  INFO orderinfo:472 - v41/nbCode/getauth||475687:18
babyhealth:[2016-05-03 18:45:29]  INFO orderinfo:472 - v41/nbCode/getauth||1946985:17
babyhealth:[2016-05-03 18:47:46]  INFO orderinfo:472 - v41/nbCode/getauth||1288536:17
babyhealth:[2016-05-03 18:50:52]  INFO orderinfo:472 - v41/nbCode/getauth||1288536:18
babyhealth:[2016-05-03 18:50:57]  INFO orderinfo:472 - v41/nbCode/getauth||1288536:18
babyhealth:[2016-05-03 18:51:09]  INFO orderinfo:472 - v41/nbCode/getauth||248082:17
babyhealth:[2016-05-03 18:52:37]  INFO orderinfo:472 - v41/nbCode/getauth||1706954:17
babyhealth:[2016-05-03 19:00:04]  INFO orderinfo:472 - v41/nbCode/getauth||1865292:17
babyhealth:[2016-05-03 19:00:10]  INFO orderinfo:472 - v41/nbCode/getauth||1865292:18
babyhealth:[2016-05-03 19:05:36]  INFO orderinfo:472 - v41/nbCode/getauth||1851748:17
babyhealth:[2016-05-03 19:07:51]  INFO orderinfo:472 - v41/nbCode/getauth||1947056:18
babyhealth:[2016-05-03 19:07:58]  INFO orderinfo:472 - v41/nbCode/getauth||1947056:17
babyhealth:[2016-05-03 19:12:55]  INFO orderinfo:472 - v41/nbCode/getauth||1946917:17
babyhealth:[2016-05-03 19:13:00]  INFO orderinfo:472 - v41/nbCode/getauth||1946917:18
babyhealth:[2016-05-03 19:17:06]  INFO orderinfo:472 - v41/nbCode/getauth||1781181:17
babyhealth:[2016-05-03 19:17:10]  INFO orderinfo:472 - v41/nbCode/getauth||1781181:18
babyhealth:[2016-05-03 19:17:13]  INFO orderinfo:472 - v41/nbCode/getauth||1781181:17
babyhealth:[2016-05-03 19:19:20]  INFO orderinfo:472 - v41/nbCode/getauth||1711450:17
babyhealth:[2016-05-03 19:19:26]  INFO orderinfo:472 - v41/nbCode/getauth||1711450:18
babyhealth:[2016-05-03 19:21:23]  INFO orderinfo:472 - v41/nbCode/getauth||1508031:17
